LCGamboa 8085 assembler 2008

    0                           ==> ;;;;;;;;;;;;;;;;;;;;;;;;;;;;;;;;;;;;;;;;;;;;;;;;;;;;;;;;;;;;;
    1                           ==> ;Teclado.asm - leitura de numeros do teclado
    2                           ==> ;Prof. Roberto M. Ziller - 04.01.2000
    3                           ==> ;;;;;;;;;;;;;;;;;;;;;;;;;;;;;;;;;;;;;;;;;;;;;;;;;;;;;;;;;;;;;
    4                           ==> LETECLA EQU 02E7H       
    5                           ==> MOSTRAD EQU 0363H       
    6                           ==> MOSTRAA EQU 036EH       
    7                           ==>        
    8                           ==>         ORG 2000H
    9                           ==>        
   10     2000    31 C0 20      ==>         LXI SP,20C0H    
   11     2003    CD E7 02      ==> LOOP:   CALL LETECLA    
   12     2006    57            ==>         MOV D,A
   13     2007    1E 00         ==>         MVI E,0H
   14     2009    D5            ==>         PUSH D
   15     200A    CD 63 03      ==>         CALL MOSTRAD    
   16     200D    D1            ==>         POP D
   17     200E    CD E7 02      ==>         CALL LETECLA    
   18     2011    5F            ==>         MOV E,A
   19     2012    82            ==>         ADD D           
   20     2013    F5            ==>         PUSH PSW
   21     2014    CD 63 03      ==>         CALL MOSTRAD    
   22     2017    F1            ==>         POP PSW
   23     2018    CD 6E 03      ==>         CALL MOSTRAA    
   24     201B    C3 03 20      ==>         JMP LOOP
   25                           ==>         END


SYMBOLIC TABLE:

 LETECLA     02E7H
 MOSTRAD     0363H
 MOSTRAA     036EH
 LOOP        2003H


MEM  (30 bytes):

:1020000031C020CDE702571E00D5CD6303D1CDE707
:0E201000025F82F5CD6303F1CD6E03C30320A2
:00000001FF
